
                           Design Compiler Graphical 
                                 DC Ultra (TM)
                                  DFTMAX (TM)
                              Power Compiler (TM)
                                 DesignWare (R)
                                 DC Expert (TM)
                               Design Vision (TM)
                               HDL Compiler (TM)
                               VHDL Compiler (TM)
                                  DFT Compiler
                               Design Compiler(R)

               Version U-2022.12-SP7 for linux64 - Oct 10, 2023 

                    Copyright (c) 1988 - 2023 Synopsys, Inc.
   This software and the associated documentation are proprietary to Synopsys,
 Inc. This software may only be used in accordance with the terms and conditions
 of a written license agreement with Synopsys, Inc. All other use, reproduction,
   or distribution of this software is strictly prohibited.  Licensed Products
     communicate with Synopsys servers for the purpose of providing software
    updates, detecting software piracy and verifying that customers are using
    Licensed Products in conformity with the applicable License Key for such
  Licensed Products. Synopsys will use information gathered in connection with
    this process to deliver software updates and pursue software pirates and
                                   infringers.

 Inclusivity & Diversity - Visit SolvNetPlus to read the "Synopsys Statement on
            Inclusivity and Diversity" (Refer to article 000036315 at
                        https://solvnetplus.synopsys.com)
Initializing...
Current time:       Mon May  4 10:46:53 2026
Hostname:           borax.clear8.rice.edu
CPU Model:          Intel(R) Xeon(R) CPU E5-2640 v4 @ 2.40GHz
CPU Details:        Cores = 40 : Sockets = 2 : Cache Size = 25600 KB : Freq = 3.40 GHz
OS:                 Linux 4.18.0-553.120.1.el8_10.x86_64
RAM:                125 GB (Free  93 GB)
Swap:                15 GB (Free  15 GB)
Work Filesystem:    /storage-home/e/ely2 mounted to clearstor.clear.rice.edu:/clear-home/ely2
Tmp Filesystem:     /tmp mounted to /dev/mapper/vg0-tmp
Work Disk:          5038 GB (Free 738 GB)
Tmp Disk:             5 GB (Free   5 GB)

CPU Load: 0%, Ram Free: 93 GB, Swap Free: 15 GB, Work Disk Free: 738 GB, Tmp Disk Free: 5 GB
#/**************************************************/
#/* Compile Script for Synopsys                    */
#/*                                                */
#/* dc_shell-t -f compile_dc.tcl                   */
#/*                                                */
#/* OSU FreePDK 45nm                               */
#/* Modified for OSU ami05 - Rice U. 2018          */
#/*                                                */
#/**************************************************/
#/* User Input Data Section: List files, module, clock, frequency below. */
#/* Edit this part only of the file.                                     */
#/* Add all verilog files, separated by spaces after keyword "list"      */
set my_verilog_files [list shield_fsm.v]
shield_fsm.v
#/* Top-level Module Name update                             */
set my_toplevel shield_fsm
shield_fsm
#/* The name of the clock pin. If no clock-pin     */
#/* exists, pick anything                          */
#/* For two phase clock, just list clka here       */
set my_clock_pin clka
clka
#/* Target frequency in MHz for optimization       */
set my_clk_freq_MHz 50
50
#/* Delay of input signals (Clock-to-Q, Package etc.)  */
set my_input_delay_ns 1
1
#/* Reserved time for output signals (Holdtime etc.)   */
set my_output_delay_ns 1
1
#/********************************************************************/
#/********************************************************************/
#/* No modifications needed below. Do not edit or remove.            */
#/*                                                                  */
#/* Paths updated for Rice U. on CLEAR cluster 2018.                 */
#/********************************************************************/
#/********************************************************************/
#/* Start of Synopsys library cells location data.               */
set OSUcells "/clear/apps/osu/soc/synopsys/lib/ami05"
/clear/apps/osu/soc/synopsys/lib/ami05
set search_path [concat  $search_path $OSUcells]
. /clear/apps/synopsys-2023/syn/latest/libraries/syn /clear/apps/synopsys-2023/syn/latest/dw/syn_ver /clear/apps/synopsys-2023/syn/latest/dw/sim_ver /clear/apps/osu/soc/synopsys/lib/ami05
set alib_library_analysis_path $OSUcells
/clear/apps/osu/soc/synopsys/lib/ami05
set link_library [set target_library [concat  [list osu05_stdcells.db] [list dw_foundation.sldb]]]
osu05_stdcells.db dw_foundation.sldb
set target_library "osu05_stdcells.db"
osu05_stdcells.db
#/* End of Synopsys library cells location data.                  */
define_design_lib WORK -path ./WORK
1
set verilogout_show_unconnected_pins "true"
true
analyze -f verilog $my_verilog_files
Running PRESTO HDLC
Compiling source file ./shield_fsm.v
Warning:  ./shield_fsm.v:40: Parameter keyword used in local parameter declaration. (VER-329)
Presto compilation completed successfully.
Loading db file '/clear/apps/osu/soc/synopsys/lib/ami05/osu05_stdcells.db'
Loading db file '/clear/apps/synopsys-2023/syn/latest/libraries/syn/dw_foundation.sldb'
1
elaborate $my_toplevel
Loading db file '/clear/apps/synopsys-2023/syn/latest/libraries/syn/gtech.db'
Loading db file '/clear/apps/synopsys-2023/syn/latest/libraries/syn/standard.sldb'
  Loading link library 'osu05_stdcells'
  Loading link library 'gtech'
Running PRESTO HDLC

Statistics for case statements in always block at line 51 in file
	'./shield_fsm.v'
===============================================
|           Line           |  full/ parallel  |
===============================================
|            52            |    auto/auto     |
===============================================

Statistics for case statements in always block at line 86 in file
	'./shield_fsm.v'
===============================================
|           Line           |  full/ parallel  |
===============================================
|            96            |    auto/auto     |
===============================================

Inferred memory devices in process
	in routine shield_fsm line 77 in file
		'./shield_fsm.v'.
===============================================================================
|    Register Name    |   Type    | Width | Bus | MB | AR | AS | SR | SS | ST |
===============================================================================
|   next_state_reg    | Flip-flop |   2   |  Y  | N  | N  | N  | N  | N  | N  |
===============================================================================

Inferred memory devices in process
	in routine shield_fsm line 86 in file
		'./shield_fsm.v'.
==============================================================================================
|           Register Name            |   Type    | Width | Bus | MB | AR | AS | SR | SS | ST |
==============================================================================================
|         shield_coord_x_reg         | Flip-flop |   4   |  Y  | N  | N  | N  | N  | N  | N  |
|         shield_coord_y_reg         | Flip-flop |   4   |  Y  | N  | N  | N  | N  | N  | N  |
| playerbullet_shield_collision_reg  | Flip-flop |   1   |  N  | N  | N  | N  | N  | N  | N  |
| invaderbullet_shield_collision_reg | Flip-flop |   1   |  N  | N  | N  | N  | N  | N  | N  |
|         shield_display_reg         | Flip-flop |   1   |  N  | N  | N  | N  | N  | N  | N  |
|             state_reg              | Flip-flop |   2   |  Y  | N  | N  | N  | N  | N  | N  |
|               hp_reg               | Flip-flop |   2   |  Y  | N  | N  | N  | N  | N  | N  |
==============================================================================================
Presto compilation completed successfully. (shield_fsm)
Elaborated 1 design.
Current design is now 'shield_fsm'.
1
current_design $my_toplevel
Current design is 'shield_fsm'.
{shield_fsm}
link

  Linking design 'shield_fsm'
  Using the following designs and libraries:
  --------------------------------------------------------------------------
  osu05_stdcells (library)    /clear/apps/osu/soc/synopsys/lib/ami05/osu05_stdcells.db
  dw_foundation.sldb (library) /clear/apps/synopsys-2023/syn/latest/libraries/syn/dw_foundation.sldb

1
uniquify
1
set my_period [expr 1000 / $my_clk_freq_MHz]
20
set find_clock [ find port [list $my_clock_pin] ]
{clka}
if {  $find_clock != [list] } {
   set clk_name $my_clock_pin
   create_clock -period $my_period $clk_name
} else {
   set clk_name vclk
   create_clock -period $my_period -name $clk_name
}
1
set_driving_cell  -lib_cell INVX1  [all_inputs]
Warning: Design rule attributes from the driving cell will be set on the port 'clka'. (UID-401)
Warning: Design rule attributes from the driving cell will be set on the port 'clkb'. (UID-401)
Warning: Design rule attributes from the driving cell will be set on the port 'reset'. (UID-401)
Warning: Design rule attributes from the driving cell will be set on the port 'invader_bullet_coord_x[3]'. (UID-401)
Warning: Design rule attributes from the driving cell will be set on the port 'invader_bullet_coord_x[2]'. (UID-401)
Warning: Design rule attributes from the driving cell will be set on the port 'invader_bullet_coord_x[1]'. (UID-401)
Warning: Design rule attributes from the driving cell will be set on the port 'invader_bullet_coord_x[0]'. (UID-401)
Warning: Design rule attributes from the driving cell will be set on the port 'invader_bullet_coord_y[3]'. (UID-401)
Warning: Design rule attributes from the driving cell will be set on the port 'invader_bullet_coord_y[2]'. (UID-401)
Warning: Design rule attributes from the driving cell will be set on the port 'invader_bullet_coord_y[1]'. (UID-401)
Warning: Design rule attributes from the driving cell will be set on the port 'invader_bullet_coord_y[0]'. (UID-401)
Warning: Design rule attributes from the driving cell will be set on the port 'player_bullet_coord_x[3]'. (UID-401)
Warning: Design rule attributes from the driving cell will be set on the port 'player_bullet_coord_x[2]'. (UID-401)
Warning: Design rule attributes from the driving cell will be set on the port 'player_bullet_coord_x[1]'. (UID-401)
Warning: Design rule attributes from the driving cell will be set on the port 'player_bullet_coord_x[0]'. (UID-401)
Warning: Design rule attributes from the driving cell will be set on the port 'player_bullet_coord_y[3]'. (UID-401)
Warning: Design rule attributes from the driving cell will be set on the port 'player_bullet_coord_y[2]'. (UID-401)
Warning: Design rule attributes from the driving cell will be set on the port 'player_bullet_coord_y[1]'. (UID-401)
Warning: Design rule attributes from the driving cell will be set on the port 'player_bullet_coord_y[0]'. (UID-401)
Warning: Design rule attributes from the driving cell will be set on the port 'shield_play'. (UID-401)
1
set_input_delay $my_input_delay_ns -clock $clk_name [remove_from_collection [all_inputs] $my_clock_pin]
1
set_output_delay $my_output_delay_ns -clock $clk_name [all_outputs]
1
compile -ungroup_all -map_effort medium
CPU Load: 0%, Ram Free: 93 GB, Swap Free: 15 GB, Work Disk Free: 738 GB, Tmp Disk Free: 5 GB
Information: Checking out the license 'DesignWare'. (SEC-104)
Information: Evaluating DesignWare library utilization. (UISN-27)

============================================================================
| DesignWare Building Block Library  |         Version         | Available |
============================================================================
| Basic DW Building Blocks           | U-2022.12-DWBB_202212.5 |     *     |
| Licensed DW Building Blocks        | U-2022.12-DWBB_202212.5 |     *     |
============================================================================

====================================================================================================
| Flow Information                                                                                 |
----------------------------------------------------------------------------------------------------
| Flow         | Design Compiler                                                                   |
====================================================================================================
| Design Information                                      | Value                                  |
====================================================================================================
| Number of Scenarios                                     | 0                                      |
| Leaf Cell Count                                         | 107                                    |
| Number of User Hierarchies                              | 0                                      |
| Sequential Cell Count                                   | 17                                     |
| Macro Count                                             | 0                                      |
| Number of Power Domains                                 | 0                                      |
| Number of Path Groups                                   | 2                                      |
| Number of VT Class                                      | 0                                      |
| Number of Clocks                                        | 1                                      |
| Number of Dont Touch Cells                              | 34                                     |
| Number of Dont Touch Nets                               | 0                                      |
| Number of Size Only Cells                               | 0                                      |
| Design with UPF Data                                    | false                                  |
====================================================================================================

Information: There are 2 potential problems in your design. Please run 'check_design' for more information. (LINT-99)



  Beginning Pass 1 Mapping
  ------------------------
  Processing 'shield_fsm'
Information: Added key list 'DesignWare' to design 'shield_fsm'. (DDB-72)
Information: The register 'shield_coord_x_reg[0]' is a constant and will be removed. (OPT-1206)
Information: The register 'shield_coord_y_reg[3]' is a constant and will be removed. (OPT-1206)
Information: The register 'shield_coord_y_reg[1]' is a constant and will be removed. (OPT-1206)
Information: The register 'shield_coord_y_reg[0]' is a constant and will be removed. (OPT-1206)
Information: The register 'shield_coord_x_reg[3]' is a constant and will be removed. (OPT-1206)

  Updating timing information
Information: Updating design information... (UID-85)

  Beginning Implementation Selection
  ----------------------------------
  Mapping 'DW_cmp'
  Processing 'DW01_add_width5_DW01_add_0'
  Mapping 'DW_cmp'
  Mapping 'DW_cmp'
  Processing 'DW01_add_width5_DW01_add_1'
  Mapping 'DW_cmp'
  Processing 'DW01_add_width5_DW01_add_2'
Information: Command 'do_operand_isolation' is obsolete and is being ignored.  Please refer to the replacement command 'set power_enable_datapath_gating true' instead. (INFO-118)

  Beginning Mapping Optimizations  (Medium effort)
  -------------------------------
Information: Command 'do_operand_isolation' is obsolete and is being ignored.  Please refer to the replacement command 'set power_enable_datapath_gating true' instead. (INFO-118)

                                  TOTAL                                      
   ELAPSED            WORST NEG   SETUP    DESIGN                            
    TIME      AREA      SLACK     COST    RULE COST         ENDPOINT         
  --------- --------- --------- --------- --------- -------------------------
    0:00:01   36045.0      0.00       0.0       7.7                          
    0:00:01   36045.0      0.00       0.0       7.7                          
    0:00:01   36045.0      0.00       0.0       7.7                          
    0:00:01   36045.0      0.00       0.0       7.7                          
    0:00:01   36045.0      0.00       0.0       7.7                          
    0:00:01   36045.0      0.00       0.0       7.7                          
    0:00:01   36045.0      0.00       0.0       7.7                          
    0:00:01   36045.0      0.00       0.0       7.7                          
    0:00:01   36045.0      0.00       0.0       7.7                          
    0:00:01   36045.0      0.00       0.0       7.7                          
    0:00:01   36045.0      0.00       0.0       7.7                          
    0:00:01   36045.0      0.00       0.0       7.7                          



  Beginning Delay Optimization Phase
  ----------------------------------

                                  TOTAL                                      
   ELAPSED            WORST NEG   SETUP    DESIGN                            
    TIME      AREA      SLACK     COST    RULE COST         ENDPOINT         
  --------- --------- --------- --------- --------- -------------------------
    0:00:01   36045.0      0.00       0.0       7.7                          
    0:00:01   36045.0      0.00       0.0       7.7                          
    0:00:01   36045.0      0.00       0.0       7.7                          


  Beginning Design Rule Fixing  (max_capacitance)
  ----------------------------

                                  TOTAL                                      
   ELAPSED            WORST NEG   SETUP    DESIGN                            
    TIME      AREA      SLACK     COST    RULE COST         ENDPOINT         
  --------- --------- --------- --------- --------- -------------------------
    0:00:01   36045.0      0.00       0.0       7.7                          
    0:00:01   36333.0      0.00       0.0       0.0                          


  Beginning Area-Recovery Phase  (cleanup)
  -----------------------------

                                  TOTAL                                      
   ELAPSED            WORST NEG   SETUP    DESIGN                            
    TIME      AREA      SLACK     COST    RULE COST         ENDPOINT         
  --------- --------- --------- --------- --------- -------------------------
    0:00:01   36333.0      0.00       0.0       0.0                          
    0:00:01   36333.0      0.00       0.0       0.0                          
    0:00:01   35757.0      0.00       0.0       0.0                          
    0:00:01   35757.0      0.00       0.0       0.0                          
    0:00:01   35757.0      0.00       0.0       0.0                          
    0:00:01   35757.0      0.00       0.0       0.0                          
    0:00:01   35757.0      0.00       0.0       0.0                          
    0:00:01   35757.0      0.00       0.0       0.0                          
    0:00:01   35757.0      0.00       0.0       0.0                          
    0:00:01   35757.0      0.00       0.0       0.0                          
    0:00:01   35757.0      0.00       0.0       0.0                          
    0:00:01   35757.0      0.00       0.0       0.0                          
    0:00:01   35757.0      0.00       0.0       0.0                          
Loading db file '/clear/apps/osu/soc/synopsys/lib/ami05/osu05_stdcells.db'


Note: Symbol # after min delay cost means estimated hold TNS across all active scenarios 


  Optimization Complete
  ---------------------
CPU Load: 0%, Ram Free: 93 GB, Swap Free: 15 GB, Work Disk Free: 738 GB, Tmp Disk Free: 5 GB
Information: Total number of MV cells in the design.
----------------------------------------------------------------------------------------------------
 MV Cells                                           Total Number                                   
----------------------------------------------------------------------------------------------------
 Level Shifter:                                     0                                             
 Enable Level Shifter:                              0                                             
 Isolation Cell:                                    0                                             
 Retention Cell:                                    0                                             
 Retention Clamp Cell:                              0                                             
 Switch Cell:                                       0                                             
 Always-On Cell:                                    0                                             
 Repeater Cell:                                     0                                             

----------------------------------------------------------------------------------------------------
Unmapped MV Cells 
----------------------------------------------------------------------------------------------------
0 Isolation Cells are unmapped 
0 Retention Clamp Cells are unmapped 
----------------------------------------------------------------------------------------------------
1
compile -incremental_mapping -map_effort medium
CPU Load: 0%, Ram Free: 93 GB, Swap Free: 15 GB, Work Disk Free: 738 GB, Tmp Disk Free: 5 GB
====================================================================================================
| Flow Information                                                                                 |
----------------------------------------------------------------------------------------------------
| Flow         | Design Compiler                                                                   |
====================================================================================================
| Design Information                                      | Value                                  |
====================================================================================================
| Number of Scenarios                                     | 0                                      |
| Leaf Cell Count                                         | 116                                    |
| Number of User Hierarchies                              | 0                                      |
| Sequential Cell Count                                   | 12                                     |
| Macro Count                                             | 0                                      |
| Number of Power Domains                                 | 0                                      |
| Number of Path Groups                                   | 2                                      |
| Number of VT Class                                      | 0                                      |
| Number of Clocks                                        | 1                                      |
| Number of Dont Touch Cells                              | 0                                      |
| Number of Dont Touch Nets                               | 0                                      |
| Number of Size Only Cells                               | 0                                      |
| Design with UPF Data                                    | false                                  |
====================================================================================================

Information: There are 5 potential problems in your design. Please run 'check_design' for more information. (LINT-99)



  Beginning Pass 1 Mapping  (Incremental)
  ------------------------

  Updating timing information
Information: Updating design information... (UID-85)

  Beginning Mapping Optimizations  (Medium effort)  (Incremental)
  -------------------------------

  Beginning Incremental Implementation Selection
  ----------------------------------------------
Information: Command 'do_operand_isolation' is obsolete and is being ignored.  Please refer to the replacement command 'set power_enable_datapath_gating true' instead. (INFO-118)

  Beginning Delay Optimization Phase
  ----------------------------------

                                  TOTAL                                      
   ELAPSED            WORST NEG   SETUP    DESIGN                            
    TIME      AREA      SLACK     COST    RULE COST         ENDPOINT         
  --------- --------- --------- --------- --------- -------------------------
    0:00:00   35757.0      0.00       0.0       0.0                          
    0:00:00   35757.0      0.00       0.0       0.0                          
    0:00:00   35757.0      0.00       0.0       0.0                          
Loading db file '/clear/apps/osu/soc/synopsys/lib/ami05/osu05_stdcells.db'


Note: Symbol # after min delay cost means estimated hold TNS across all active scenarios 


  Optimization Complete
  ---------------------
CPU Load: 0%, Ram Free: 93 GB, Swap Free: 15 GB, Work Disk Free: 738 GB, Tmp Disk Free: 5 GB
Information: Total number of MV cells in the design.
----------------------------------------------------------------------------------------------------
 MV Cells                                           Total Number                                   
----------------------------------------------------------------------------------------------------
 Level Shifter:                                     0                                             
 Enable Level Shifter:                              0                                             
 Isolation Cell:                                    0                                             
 Retention Cell:                                    0                                             
 Retention Clamp Cell:                              0                                             
 Switch Cell:                                       0                                             
 Always-On Cell:                                    0                                             
 Repeater Cell:                                     0                                             

----------------------------------------------------------------------------------------------------
Unmapped MV Cells 
----------------------------------------------------------------------------------------------------
0 Isolation Cells are unmapped 
0 Retention Clamp Cells are unmapped 
----------------------------------------------------------------------------------------------------
1
check_design
 
****************************************
check_design summary:
Version:     U-2022.12-SP7
Date:        Mon May  4 10:46:55 2026
****************************************

                   Name                                            Total
--------------------------------------------------------------------------------
Inputs/Outputs                                                      5
    Constant outputs (LINT-52)                                      5
--------------------------------------------------------------------------------

Warning: In design 'shield_fsm', output port 'shield_coord_x[3]' is connected directly to 'logic 0'. (LINT-52)
Warning: In design 'shield_fsm', output port 'shield_coord_x[0]' is connected directly to 'logic 1'. (LINT-52)
Warning: In design 'shield_fsm', output port 'shield_coord_y[3]' is connected directly to 'logic 0'. (LINT-52)
Warning: In design 'shield_fsm', output port 'shield_coord_y[1]' is connected directly to 'logic 0'. (LINT-52)
Warning: In design 'shield_fsm', output port 'shield_coord_y[0]' is connected directly to 'logic 1'. (LINT-52)
1
report_constraint -all_violators
Information: Updating design information... (UID-85)
 
****************************************
Report : constraint
        -all_violators
Design : shield_fsm
Version: U-2022.12-SP7
Date   : Mon May  4 10:46:55 2026
****************************************

This design has no violated constraints.

1
set filename [format "%s%s"  $my_toplevel ".vh"]
shield_fsm.vh
write -f verilog -output $filename
Writing verilog file '/storage-home/e/ely2/ELEC422/project/elec422_space_invaders/No_Datapath_less_outputs/FSMs_Questa/shield/synth/shield_fsm.vh'.
Warning: Verilog 'assign' or 'tran' statements are written out. (VO-4)
1
set filename [format "%s%s"  $my_toplevel ".sdc"]
shield_fsm.sdc
write_sdc $filename
1
report_cell 
 
****************************************
Report : cell
Design : shield_fsm
Version: U-2022.12-SP7
Date   : Mon May  4 10:46:55 2026
****************************************

Attributes:
    b - black box (unknown)
    h - hierarchical
    n - noncombinational
    r - removable
    u - contains unmapped logic

Cell                      Reference       Library             Area  Attributes
--------------------------------------------------------------------------------
U16                       AND2X2          osu05_stdcells  288.000000
U18                       AND2X2          osu05_stdcells  288.000000
U19                       AND2X2          osu05_stdcells  288.000000
U33                       NAND2X1         osu05_stdcells  216.000000
U34                       AOI22X1         osu05_stdcells  360.000000
U35                       OAI21X1         osu05_stdcells  207.000000
U36                       NAND2X1         osu05_stdcells  216.000000
U37                       NAND3X1         osu05_stdcells  324.000000
U38                       NOR2X1          osu05_stdcells  216.000000
U41                       XOR2X1          osu05_stdcells  504.000000
U43                       NAND3X1         osu05_stdcells  324.000000
U44                       OAI21X1         osu05_stdcells  207.000000
U45                       NAND2X1         osu05_stdcells  216.000000
U46                       NAND2X1         osu05_stdcells  216.000000
U47                       OAI21X1         osu05_stdcells  207.000000
U48                       OAI21X1         osu05_stdcells  207.000000
U49                       OAI21X1         osu05_stdcells  207.000000
U50                       NAND2X1         osu05_stdcells  216.000000
U51                       AOI22X1         osu05_stdcells  360.000000
U52                       OAI21X1         osu05_stdcells  207.000000
U53                       OR2X1           osu05_stdcells  288.000000
U54                       OAI21X1         osu05_stdcells  207.000000
U55                       NAND3X1         osu05_stdcells  324.000000
U56                       OAI21X1         osu05_stdcells  207.000000
U57                       NOR2X1          osu05_stdcells  216.000000
U58                       NOR2X1          osu05_stdcells  216.000000
U59                       NOR2X1          osu05_stdcells  216.000000
U60                       AOI22X1         osu05_stdcells  360.000000
U61                       NOR2X1          osu05_stdcells  216.000000
U62                       NOR2X1          osu05_stdcells  216.000000
U63                       OR2X1           osu05_stdcells  288.000000
U64                       AOI22X1         osu05_stdcells  360.000000
U65                       NAND2X1         osu05_stdcells  216.000000
U66                       NOR2X1          osu05_stdcells  216.000000
U67                       OR2X1           osu05_stdcells  288.000000
U68                       NAND3X1         osu05_stdcells  324.000000
U69                       XOR2X1          osu05_stdcells  504.000000
U72                       NAND3X1         osu05_stdcells  324.000000
U74                       AOI21X1         osu05_stdcells  288.000000
U75                       OAI21X1         osu05_stdcells  207.000000
U76                       NAND2X1         osu05_stdcells  216.000000
U77                       AND2X2          osu05_stdcells  288.000000
U78                       AND2X2          osu05_stdcells  288.000000
U79                       AND2X2          osu05_stdcells  288.000000
U80                       AND2X2          osu05_stdcells  288.000000
U81                       INVX1           osu05_stdcells  144.000000
U82                       INVX2           osu05_stdcells  144.000000
U83                       XOR2X1          osu05_stdcells  504.000000
U84                       XOR2X1          osu05_stdcells  504.000000
U85                       XOR2X1          osu05_stdcells  504.000000
U86                       XOR2X1          osu05_stdcells  504.000000
U87                       XOR2X1          osu05_stdcells  504.000000
U88                       NAND2X1         osu05_stdcells  216.000000
U89                       INVX2           osu05_stdcells  144.000000
U90                       INVX2           osu05_stdcells  144.000000
U91                       INVX2           osu05_stdcells  144.000000
U92                       INVX2           osu05_stdcells  144.000000
U93                       INVX2           osu05_stdcells  144.000000
U94                       INVX2           osu05_stdcells  144.000000
U95                       INVX2           osu05_stdcells  144.000000
U96                       INVX2           osu05_stdcells  144.000000
U97                       INVX2           osu05_stdcells  144.000000
U98                       INVX2           osu05_stdcells  144.000000
U99                       INVX2           osu05_stdcells  144.000000
U100                      INVX2           osu05_stdcells  144.000000
U101                      INVX2           osu05_stdcells  144.000000
U102                      INVX2           osu05_stdcells  144.000000
U103                      INVX2           osu05_stdcells  144.000000
U104                      INVX2           osu05_stdcells  144.000000
U105                      INVX2           osu05_stdcells  144.000000
U106                      INVX2           osu05_stdcells  144.000000
U107                      INVX2           osu05_stdcells  144.000000
U108                      INVX2           osu05_stdcells  144.000000
U109                      INVX2           osu05_stdcells  144.000000
U110                      INVX2           osu05_stdcells  144.000000
U111                      INVX2           osu05_stdcells  144.000000
U112                      INVX2           osu05_stdcells  144.000000
U113                      INVX2           osu05_stdcells  144.000000
U114                      INVX2           osu05_stdcells  144.000000
U115                      INVX2           osu05_stdcells  144.000000
U116                      NAND2X1         osu05_stdcells  216.000000
U117                      NAND2X1         osu05_stdcells  216.000000
U118                      AOI21X1         osu05_stdcells  288.000000
U119                      NAND2X1         osu05_stdcells  216.000000
U120                      NAND3X1         osu05_stdcells  324.000000
U121                      OAI21X1         osu05_stdcells  207.000000
U122                      OAI21X1         osu05_stdcells  207.000000
U123                      AOI22X1         osu05_stdcells  360.000000
U124                      AOI22X1         osu05_stdcells  360.000000
U125                      OAI21X1         osu05_stdcells  207.000000
U126                      AOI22X1         osu05_stdcells  360.000000
U127                      NOR2X1          osu05_stdcells  216.000000
U128                      NAND2X1         osu05_stdcells  216.000000
U129                      AOI21X1         osu05_stdcells  288.000000
U130                      NAND2X1         osu05_stdcells  216.000000
U131                      NAND3X1         osu05_stdcells  324.000000
U132                      OAI21X1         osu05_stdcells  207.000000
U133                      OAI21X1         osu05_stdcells  207.000000
U134                      AOI22X1         osu05_stdcells  360.000000
U135                      AOI22X1         osu05_stdcells  360.000000
U136                      OAI21X1         osu05_stdcells  207.000000
U137                      AOI22X1         osu05_stdcells  360.000000
U138                      NOR2X1          osu05_stdcells  216.000000
U139                      NAND2X1         osu05_stdcells  216.000000
hp_reg[0]                 DFFNEGX1        osu05_stdcells  864.000000
                                                                    n
hp_reg[1]                 DFFNEGX1        osu05_stdcells  864.000000
                                                                    n
invaderbullet_shield_collision_reg
                          DFFNEGX1        osu05_stdcells  864.000000
                                                                    n
next_state_reg[0]         DFFNEGX1        osu05_stdcells  864.000000
                                                                    n
next_state_reg[1]         DFFNEGX1        osu05_stdcells  864.000000
                                                                    n
playerbullet_shield_collision_reg
                          DFFNEGX1        osu05_stdcells  864.000000
                                                                    n
shield_coord_x_reg[1]     DFFNEGX1        osu05_stdcells  864.000000
                                                                    n
shield_coord_x_reg[2]     DFFNEGX1        osu05_stdcells  864.000000
                                                                    n
shield_coord_y_reg[2]     DFFNEGX1        osu05_stdcells  864.000000
                                                                    n
shield_display_reg        DFFNEGX1        osu05_stdcells  864.000000
                                                                    n
state_reg[0]              DFFNEGX1        osu05_stdcells  864.000000
                                                                    n
state_reg[1]              DFFNEGX1        osu05_stdcells  864.000000
                                                                    n
--------------------------------------------------------------------------------
Total 116 cells                                           35757.000000
1
report_area 
 
****************************************
Report : area
Design : shield_fsm
Version: U-2022.12-SP7
Date   : Mon May  4 10:46:55 2026
****************************************

Information: Updating design information... (UID-85)
Library(s) Used:

    osu05_stdcells (File: /clear/apps/osu/soc/synopsys/lib/ami05/osu05_stdcells.db)

Number of ports:                           35
Number of nets:                           141
Number of cells:                          121
Number of combinational cells:            104
Number of sequential cells:                12
Number of macros/black boxes:               0
Number of buf/inv:                         29
Number of references:                      12

Combinational area:              25389.000000
Buf/Inv area:                     4176.000000
Noncombinational area:           10368.000000
Macro/Black Box area:                0.000000
Net Interconnect area:      undefined  (No wire load specified)

Total cell area:                 35757.000000
Total area:                 undefined
1
report_timing -path full -delay max -max_paths 3 -nworst 1
 
****************************************
Report : timing
        -path full
        -delay max
        -max_paths 3
Design : shield_fsm
Version: U-2022.12-SP7
Date   : Mon May  4 10:46:55 2026
****************************************

Operating Conditions: typical   Library: osu05_stdcells
Wire Load Model Mode: top

  Startpoint: invader_bullet_coord_x[1]
              (input port clocked by clka)
  Endpoint: next_state_reg[1]
            (falling edge-triggered flip-flop clocked by clka)
  Path Group: clka
  Path Type: max

  Point                                    Incr       Path
  -----------------------------------------------------------
  clock clka (rise edge)                   0.00       0.00
  clock network delay (ideal)              0.00       0.00
  input external delay                     1.00       1.00 f
  invader_bullet_coord_x[1] (in)           0.44       1.44 f
  U85/Y (XOR2X1)                           0.32       1.76 f
  U96/Y (INVX2)                            0.10       1.86 r
  U124/Y (AOI22X1)                         0.15       2.01 f
  U126/Y (AOI22X1)                         0.14       2.15 r
  U128/Y (NAND2X1)                         0.07       2.23 f
  U72/Y (NAND3X1)                          0.17       2.39 r
  U67/Y (OR2X1)                            0.31       2.71 r
  U66/Y (NOR2X1)                           0.27       2.97 f
  U65/Y (NAND2X1)                          0.23       3.20 r
  U61/Y (NOR2X1)                           0.17       3.37 f
  U60/Y (AOI22X1)                          0.15       3.52 r
  U59/Y (NOR2X1)                           0.11       3.63 f
  next_state_reg[1]/D (DFFNEGX1)           0.00       3.63 f
  data arrival time                                   3.63

  clock clka (fall edge)                  10.00      10.00
  clock network delay (ideal)              0.00      10.00
  next_state_reg[1]/CLK (DFFNEGX1)         0.00      10.00 f
  library setup time                      -0.37       9.63
  data required time                                  9.63
  -----------------------------------------------------------
  data required time                                  9.63
  data arrival time                                  -3.63
  -----------------------------------------------------------
  slack (MET)                                         6.00


  Startpoint: invader_bullet_coord_x[1]
              (input port clocked by clka)
  Endpoint: next_state_reg[0]
            (falling edge-triggered flip-flop clocked by clka)
  Path Group: clka
  Path Type: max

  Point                                    Incr       Path
  -----------------------------------------------------------
  clock clka (rise edge)                   0.00       0.00
  clock network delay (ideal)              0.00       0.00
  input external delay                     1.00       1.00 f
  invader_bullet_coord_x[1] (in)           0.44       1.44 f
  U85/Y (XOR2X1)                           0.32       1.76 f
  U96/Y (INVX2)                            0.10       1.86 r
  U124/Y (AOI22X1)                         0.15       2.01 f
  U126/Y (AOI22X1)                         0.14       2.15 r
  U128/Y (NAND2X1)                         0.07       2.23 f
  U72/Y (NAND3X1)                          0.17       2.39 r
  U67/Y (OR2X1)                            0.31       2.71 r
  U66/Y (NOR2X1)                           0.27       2.97 f
  U65/Y (NAND2X1)                          0.23       3.20 r
  U64/Y (AOI22X1)                          0.17       3.37 f
  U62/Y (NOR2X1)                           0.09       3.45 r
  next_state_reg[0]/D (DFFNEGX1)           0.00       3.45 r
  data arrival time                                   3.45

  clock clka (fall edge)                  10.00      10.00
  clock network delay (ideal)              0.00      10.00
  next_state_reg[0]/CLK (DFFNEGX1)         0.00      10.00 f
  library setup time                      -0.30       9.70
  data required time                                  9.70
  -----------------------------------------------------------
  data required time                                  9.70
  data arrival time                                  -3.45
  -----------------------------------------------------------
  slack (MET)                                         6.24


1
report_power
Loading db file '/clear/apps/osu/soc/synopsys/lib/ami05/osu05_stdcells.db'
Information: Propagating switching activity (low effort zero delay simulation). (PWR-6)
Warning: Design has unannotated primary inputs. (PWR-414)
Warning: Design has unannotated sequential cell outputs. (PWR-415)
 
****************************************
Report : power
        -analysis_effort low
Design : shield_fsm
Version: U-2022.12-SP7
Date   : Mon May  4 10:46:55 2026
****************************************


Library(s) Used:

    osu05_stdcells (File: /clear/apps/osu/soc/synopsys/lib/ami05/osu05_stdcells.db)


Operating Conditions: typical   Library: osu05_stdcells
Wire Load Model Mode: top


Global Operating Voltage = 5    
Power-specific unit information :
    Voltage Units = 1V
    Capacitance Units = 1.000000pf
    Time Units = 1ns
    Dynamic Power Units = 1mW    (derived from V,C,T units)
    Leakage Power Units = 1nW


Attributes
----------
i - Including register clock pin internal power


  Cell Internal Power  = 545.1126 uW   (71%)
  Net Switching Power  = 221.9232 uW   (29%)
                         ---------
Total Dynamic Power    = 767.0358 uW  (100%)

Cell Leakage Power     =  10.2568 nW


                 Internal         Switching           Leakage            Total
Power Group      Power            Power               Power              Power   (   %    )  Attrs
--------------------------------------------------------------------------------------------------
io_pad             0.0000            0.0000            0.0000            0.0000  (   0.00%)
memory             0.0000            0.0000            0.0000            0.0000  (   0.00%)
black_box          0.0000            0.0000            0.0000            0.0000  (   0.00%)
clock_network      0.1486            0.0000            0.0000            0.1486  (  19.37%)  i
register       1.3554e-02        4.2593e-03            0.4943        1.7813e-02  (   2.32%)
sequential         0.1100        1.3637e-03            2.4717            0.1114  (  14.52%)
combinational      0.2729            0.2163            7.2908            0.4892  (  63.78%)
--------------------------------------------------------------------------------------------------
Total              0.5451 mW         0.2219 mW        10.2568 nW         0.7670 mW
1
redirect timing.rep { report_timing }
redirect cell.rep { report_cell }
redirect power.rep { report_power }
quit

Memory usage for this session 107 Mbytes.
Memory usage for this session including child processes 107 Mbytes.
CPU usage for this session 4 seconds ( 0.00 hours ).
Elapsed time for this session 6 seconds ( 0.00 hours ).

Thank you...
